pg_restore (PostgreSQL) 18.6 (Debian 18.6-1.pgdg13+2)
go version go1.26.5 linux/amd64
2026/10/01 21:42:08 github.com/testcontainers/testcontainers-go - Connected to docker: 
  Server Version: 29.6.1
  API Version: 1.55
  Operating System: Ubuntu 24.04.4 LTS
  Total Memory: 15915 MB
  Testcontainers for Go Version: v0.44.0
  Resolved Docker Host: unix:///var/run/docker.sock
  Resolved Docker Socket Path: /var/run/docker.sock
  Test SessionID: 92c3bedea3fb372ca4272b618ec7a55cd3569427b1c78cabdcb9a18c3c232d8b
  Test ProcessID: bbf38820-b0c0-45a0-b0ad-9a9b67cd767c
=== RUN   TestBorrowedReplacementOwnerCommitAmbiguity
2026/10/01 21:42:08 🐳 Creating container for image postgres@sha256:4ef4dbc939d61acea57712655ddb4b4ab27419c913f94cca0cd57cb3ea3c2280
2026/10/01 21:42:08 🐳 Creating container for image testcontainers/ryuk:0.14.0
2026/10/01 21:42:08 ✅ Container created: 87b1a0e2b06b
2026/10/01 21:42:08 🐳 Starting container: 87b1a0e2b06b
2026/10/01 21:42:09 ✅ Container started: 87b1a0e2b06b
2026/10/01 21:42:09 ⏳ Waiting for container id 87b1a0e2b06b image: testcontainers/ryuk:0.14.0. Waiting for: all of: [log message "Started", port 8080/tcp to be listening]
2026/10/01 21:42:09 Shell not found in container
2026/10/01 21:42:09 🔔 Container is ready: 87b1a0e2b06b
2026/10/01 21:42:09 ✅ Container created: 5b149af9d056
2026/10/01 21:42:09 🐳 Starting container: 5b149af9d056
2026/10/01 21:42:10 ✅ Container started: 5b149af9d056
2026/10/01 21:42:10 ⏳ Waiting for container id 5b149af9d056 image: postgres@sha256:4ef4dbc939d61acea57712655ddb4b4ab27419c913f94cca0cd57cb3ea3c2280. Waiting for: log message "database system is ready to accept connections" (occurrence: 2)
2026/10/01 21:42:13 🔔 Container is ready: 5b149af9d056
    borrowed-replacement-owner-commit-ambiguity_linux_test.go:278: protected fixture actual HBA rules (all SCRAM, no trust fallback): line=1 type=local address="" auth=scram-sha-256; line=2 type=host address="127.0.0.1" auth=scram-sha-256; line=3 type=host address="::1" auth=scram-sha-256; line=4 type=host address="all" auth=scram-sha-256
    borrowed-replacement-owner-commit-ambiguity_linux_test.go:278: successor retired: backend PID 328 incarnation strictly gone, owner health retained, guard non-clean, acceptance zero
    borrowed-replacement-owner-commit-ambiguity_linux_test.go:278: guard-row window fixture: fixture original canonical key retained, disposition "rebuild_required" (deliberately unresolved), operation provenance matches the fixture original
    borrowed-replacement-owner-commit-ambiguity_linux_test.go:283: native-ready replacement attempt refused by the dirty guard: disposition "rebuild_required" -> "rebuild_required", no Started, no executable frames, no callbacks, replacement catalog unchanged (OID 16757)
    borrowed-replacement-owner-commit-ambiguity_linux_test.go:384: commit-ambiguity positive: the fixed drill fault established that the ACTUAL COMMIT was sent and withheld its VALIDATED PostgreSQL completion before pgx saw it (audit_id=1), the independent bounded read observed exactly ONE committed refused non-instance-bound row and the released guard row while withheld, the transport break made the ACTUAL Commit call return an error (never an injected acknowledgement error), the composite refused, the durable row remained, the provisional eligibility was one-shot and non-reusable, and the guard stayed unresolved with acceptance zero
2026/10/01 21:42:42 🐳 Creating container for image postgres@sha256:4ef4dbc939d61acea57712655ddb4b4ab27419c913f94cca0cd57cb3ea3c2280
2026/10/01 21:42:42 ✅ Container created: f2c13629c126
2026/10/01 21:42:42 🐳 Starting container: f2c13629c126
2026/10/01 21:42:42 ✅ Container started: f2c13629c126
2026/10/01 21:42:42 ⏳ Waiting for container id f2c13629c126 image: postgres@sha256:4ef4dbc939d61acea57712655ddb4b4ab27419c913f94cca0cd57cb3ea3c2280. Waiting for: log message "database system is ready to accept connections" (occurrence: 2)
2026/10/01 21:42:44 🔔 Container is ready: f2c13629c126
    borrowed-replacement-owner-commit-ambiguity_linux_test.go:399: protected fixture actual HBA rules (all SCRAM, no trust fallback): line=1 type=local address="" auth=scram-sha-256; line=2 type=host address="127.0.0.1" auth=scram-sha-256; line=3 type=host address="::1" auth=scram-sha-256; line=4 type=host address="all" auth=scram-sha-256
    borrowed-replacement-owner-commit-ambiguity_linux_test.go:399: successor retired: backend PID 329 incarnation strictly gone, owner health retained, guard non-clean, acceptance zero
    borrowed-replacement-owner-commit-ambiguity_linux_test.go:399: guard-row window fixture: fixture original canonical key retained, disposition "rebuild_required" (deliberately unresolved), operation provenance matches the fixture original
    borrowed-replacement-owner-commit-ambiguity_linux_test.go:404: native-ready replacement attempt refused by the dirty guard: disposition "rebuild_required" -> "rebuild_required", no Started, no executable frames, no callbacks, replacement catalog unchanged (OID 16757)
    borrowed-replacement-owner-commit-ambiguity_linux_test.go:435: replacement session retired: backend PID 590 incarnation strictly gone, owner health retained, guard non-clean, acceptance zero
    borrowed-replacement-owner-commit-ambiguity_linux_test.go:447: native-ready replacement attempt refused by the dirty guard: disposition "rebuild_required" -> "rebuild_required", no Started, no executable frames, no callbacks, replacement catalog unchanged (OID 16757)
    borrowed-replacement-owner-commit-ambiguity_linux_test.go:448: commit-ambiguity unarmed control: the UNARMED fixed fault passed all ordinary traffic (no witness claimed), the COMMIT was acknowledged with exactly ONE genuine refused row (audit_id=1, attempt borrowed-replacement-owner-journal-ordinary-1790890989538648336), the guard stayed unchanged, guarded retirement ran, replay/copy refused and the ordinary native-ready attempt was still refused by the dirty guard
    borrowed-replacement-owner-commit-ambiguity_linux_test.go:560: commit-ambiguity reservation controls: the reserved installation was consumed by exactly ONE real acquisition (repeated acquisitions unwrapped and committed ordinarily), overlapping reservations were rejected, stale resets never cleared the newer installation, and the newer installation's armed gate actually withheld its VALIDATED COMMIT completion until the transport break made the ACTUAL commit return an ambiguous-COMMIT error
2026/10/01 21:43:10 🐳 Creating container for image postgres@sha256:4ef4dbc939d61acea57712655ddb4b4ab27419c913f94cca0cd57cb3ea3c2280
2026/10/01 21:43:10 ✅ Container created: 540f7dc9da48
2026/10/01 21:43:10 🐳 Starting container: 540f7dc9da48
2026/10/01 21:43:11 ✅ Container started: 540f7dc9da48
2026/10/01 21:43:11 ⏳ Waiting for container id 540f7dc9da48 image: postgres@sha256:4ef4dbc939d61acea57712655ddb4b4ab27419c913f94cca0cd57cb3ea3c2280. Waiting for: log message "database system is ready to accept connections" (occurrence: 2)
2026/10/01 21:43:12 🔔 Container is ready: 540f7dc9da48
    borrowed-replacement-owner-commit-ambiguity_linux_test.go:573: protected fixture actual HBA rules (all SCRAM, no trust fallback): line=1 type=local address="" auth=scram-sha-256; line=2 type=host address="127.0.0.1" auth=scram-sha-256; line=3 type=host address="::1" auth=scram-sha-256; line=4 type=host address="all" auth=scram-sha-256
    borrowed-replacement-owner-commit-ambiguity_linux_test.go:573: successor retired: backend PID 328 incarnation strictly gone, owner health retained, guard non-clean, acceptance zero
    borrowed-replacement-owner-commit-ambiguity_linux_test.go:573: guard-row window fixture: fixture original canonical key retained, disposition "rebuild_required" (deliberately unresolved), operation provenance matches the fixture original
    borrowed-replacement-owner-commit-ambiguity_linux_test.go:577: native-ready replacement attempt refused by the dirty guard: disposition "rebuild_required" -> "rebuild_required", no Started, no executable frames, no callbacks, replacement catalog unchanged (OID 16757)
    borrowed-replacement-owner-commit-ambiguity_linux_test.go:630: commit-ambiguity pre-COMMIT cancellation: the committed rollback was confirmed clean, NO COMMIT was dispatched (witness-timeout stayed not-established, never inferred as a rollback), zero journal rows were durable and the owner session survived
    borrowed-replacement-owner-commit-ambiguity_linux_test.go:957: commit-ambiguity gate negatives: unrecognized framing, bare COMMIT text, failed reads, partial frames, missing barriers and witness timeouts all stayed NOTESTABLISHED/UNCERTAIN and were never inferred as a rollback; the REAL PostgreSQL COMMIT completion frames were validated and withheld, and a deadline change ended the withheld wait boundedly without upgrading the witness
2026/10/01 21:43:36 🐳 Stopping container: 540f7dc9da48
2026/10/01 21:43:37 ✅ Container stopped: 540f7dc9da48
2026/10/01 21:43:37 🐳 Terminating container: 540f7dc9da48
2026/10/01 21:43:37 🚫 Container terminated: 540f7dc9da48
2026/10/01 21:43:37 🐳 Stopping container: f2c13629c126
2026/10/01 21:43:37 ✅ Container stopped: f2c13629c126
2026/10/01 21:43:37 🐳 Terminating container: f2c13629c126
2026/10/01 21:43:37 🚫 Container terminated: f2c13629c126
2026/10/01 21:43:37 🐳 Stopping container: 5b149af9d056
2026/10/01 21:43:38 ✅ Container stopped: 5b149af9d056
2026/10/01 21:43:38 🐳 Terminating container: 5b149af9d056
2026/10/01 21:43:38 🚫 Container terminated: 5b149af9d056
--- PASS: TestBorrowedReplacementOwnerCommitAmbiguity (95.51s)
PASS
exit=0
