pg_restore (PostgreSQL) 18.6 (Debian 18.6-1.pgdg13+2)
go version go1.26.5 linux/amd64
2026/10/01 21:40:47 github.com/testcontainers/testcontainers-go - Connected to docker: 
  Server Version: 29.6.1
  API Version: 1.55
  Operating System: Ubuntu 24.04.4 LTS
  Total Memory: 15915 MB
  Testcontainers for Go Version: v0.44.0
  Resolved Docker Host: unix:///var/run/docker.sock
  Resolved Docker Socket Path: /var/run/docker.sock
  Test SessionID: 54cbe8c844fe7a940f3b19bfa7ef498492de9396cd8bd1cee3bca8d5da6da66f
  Test ProcessID: 167a8f94-6edf-423f-9b24-5e6e0dc776d5
=== RUN   TestBorrowedReplacementOwnerCommitAmbiguity
2026/10/01 21:40:47 🐳 Creating container for image postgres@sha256:4ef4dbc939d61acea57712655ddb4b4ab27419c913f94cca0cd57cb3ea3c2280
2026/10/01 21:40:47 🐳 Creating container for image testcontainers/ryuk:0.14.0
2026/10/01 21:40:47 ✅ Container created: 3cb84037eabb
2026/10/01 21:40:47 🐳 Starting container: 3cb84037eabb
2026/10/01 21:40:48 ✅ Container started: 3cb84037eabb
2026/10/01 21:40:48 ⏳ Waiting for container id 3cb84037eabb image: testcontainers/ryuk:0.14.0. Waiting for: all of: [log message "Started", port 8080/tcp to be listening]
2026/10/01 21:40:48 Shell not found in container
2026/10/01 21:40:48 🔔 Container is ready: 3cb84037eabb
2026/10/01 21:40:48 ✅ Container created: 044418a39852
2026/10/01 21:40:48 🐳 Starting container: 044418a39852
2026/10/01 21:40:49 ✅ Container started: 044418a39852
2026/10/01 21:40:49 ⏳ Waiting for container id 044418a39852 image: postgres@sha256:4ef4dbc939d61acea57712655ddb4b4ab27419c913f94cca0cd57cb3ea3c2280. Waiting for: log message "database system is ready to accept connections" (occurrence: 2)
2026/10/01 21:40:50 🔔 Container is ready: 044418a39852
    borrowed-replacement-owner-commit-ambiguity_linux_test.go:278: protected fixture actual HBA rules (all SCRAM, no trust fallback): line=1 type=local address="" auth=scram-sha-256; line=2 type=host address="127.0.0.1" auth=scram-sha-256; line=3 type=host address="::1" auth=scram-sha-256; line=4 type=host address="all" auth=scram-sha-256
    borrowed-replacement-owner-commit-ambiguity_linux_test.go:278: successor retired: backend PID 328 incarnation strictly gone, owner health retained, guard non-clean, acceptance zero
    borrowed-replacement-owner-commit-ambiguity_linux_test.go:278: guard-row window fixture: fixture original canonical key retained, disposition "rebuild_required" (deliberately unresolved), operation provenance matches the fixture original
    borrowed-replacement-owner-commit-ambiguity_linux_test.go:283: native-ready replacement attempt refused by the dirty guard: disposition "rebuild_required" -> "rebuild_required", no Started, no executable frames, no callbacks, replacement catalog unchanged (OID 16757)
    borrowed-replacement-owner-commit-ambiguity_linux_test.go:384: commit-ambiguity positive: the fixed drill fault established that the ACTUAL COMMIT was sent and withheld its VALIDATED PostgreSQL completion before pgx saw it (audit_id=1), the independent bounded read observed exactly ONE committed refused non-instance-bound row and the released guard row while withheld, the transport break made the ACTUAL Commit call return an error (never an injected acknowledgement error), the composite refused, the durable row remained, the provisional eligibility was one-shot and non-reusable, and the guard stayed unresolved with acceptance zero
2026/10/01 21:41:06 🐳 Creating container for image postgres@sha256:4ef4dbc939d61acea57712655ddb4b4ab27419c913f94cca0cd57cb3ea3c2280
2026/10/01 21:41:06 ✅ Container created: 0011a0b5c6d8
2026/10/01 21:41:06 🐳 Starting container: 0011a0b5c6d8
2026/10/01 21:41:07 ✅ Container started: 0011a0b5c6d8
2026/10/01 21:41:07 ⏳ Waiting for container id 0011a0b5c6d8 image: postgres@sha256:4ef4dbc939d61acea57712655ddb4b4ab27419c913f94cca0cd57cb3ea3c2280. Waiting for: log message "database system is ready to accept connections" (occurrence: 2)
2026/10/01 21:41:08 🔔 Container is ready: 0011a0b5c6d8
    borrowed-replacement-owner-commit-ambiguity_linux_test.go:399: protected fixture actual HBA rules (all SCRAM, no trust fallback): line=1 type=local address="" auth=scram-sha-256; line=2 type=host address="127.0.0.1" auth=scram-sha-256; line=3 type=host address="::1" auth=scram-sha-256; line=4 type=host address="all" auth=scram-sha-256
    borrowed-replacement-owner-commit-ambiguity_linux_test.go:399: successor retired: backend PID 329 incarnation strictly gone, owner health retained, guard non-clean, acceptance zero
    borrowed-replacement-owner-commit-ambiguity_linux_test.go:399: guard-row window fixture: fixture original canonical key retained, disposition "rebuild_required" (deliberately unresolved), operation provenance matches the fixture original
    borrowed-replacement-owner-commit-ambiguity_linux_test.go:404: native-ready replacement attempt refused by the dirty guard: disposition "rebuild_required" -> "rebuild_required", no Started, no executable frames, no callbacks, replacement catalog unchanged (OID 16757)
    borrowed-replacement-owner-commit-ambiguity_linux_test.go:435: replacement session retired: backend PID 590 incarnation strictly gone, owner health retained, guard non-clean, acceptance zero
    borrowed-replacement-owner-commit-ambiguity_linux_test.go:447: native-ready replacement attempt refused by the dirty guard: disposition "rebuild_required" -> "rebuild_required", no Started, no executable frames, no callbacks, replacement catalog unchanged (OID 16757)
    borrowed-replacement-owner-commit-ambiguity_linux_test.go:448: commit-ambiguity unarmed control: the UNARMED fixed fault passed all ordinary traffic (no witness claimed), the COMMIT was acknowledged with exactly ONE genuine refused row (audit_id=1, attempt borrowed-replacement-owner-journal-ordinary-1790890886554531571), the guard stayed unchanged, guarded retirement ran, replay/copy refused and the ordinary native-ready attempt was still refused by the dirty guard
    borrowed-replacement-owner-commit-ambiguity_linux_test.go:560: commit-ambiguity reservation controls: the reserved installation was consumed by exactly ONE real acquisition (repeated acquisitions unwrapped and committed ordinarily), overlapping reservations were rejected, stale resets never cleared the newer installation, and the newer installation's armed gate actually withheld its VALIDATED COMMIT completion until the transport break made the ACTUAL commit return an ambiguous-COMMIT error
2026/10/01 21:41:27 🐳 Creating container for image postgres@sha256:4ef4dbc939d61acea57712655ddb4b4ab27419c913f94cca0cd57cb3ea3c2280
2026/10/01 21:41:27 ✅ Container created: 9eac0f7c2c1a
2026/10/01 21:41:27 🐳 Starting container: 9eac0f7c2c1a
2026/10/01 21:41:27 ✅ Container started: 9eac0f7c2c1a
2026/10/01 21:41:27 ⏳ Waiting for container id 9eac0f7c2c1a image: postgres@sha256:4ef4dbc939d61acea57712655ddb4b4ab27419c913f94cca0cd57cb3ea3c2280. Waiting for: log message "database system is ready to accept connections" (occurrence: 2)
2026/10/01 21:41:29 🔔 Container is ready: 9eac0f7c2c1a
    borrowed-replacement-owner-commit-ambiguity_linux_test.go:573: protected fixture actual HBA rules (all SCRAM, no trust fallback): line=1 type=local address="" auth=scram-sha-256; line=2 type=host address="127.0.0.1" auth=scram-sha-256; line=3 type=host address="::1" auth=scram-sha-256; line=4 type=host address="all" auth=scram-sha-256
    borrowed-replacement-owner-commit-ambiguity_linux_test.go:573: successor retired: backend PID 328 incarnation strictly gone, owner health retained, guard non-clean, acceptance zero
    borrowed-replacement-owner-commit-ambiguity_linux_test.go:573: guard-row window fixture: fixture original canonical key retained, disposition "rebuild_required" (deliberately unresolved), operation provenance matches the fixture original
    borrowed-replacement-owner-commit-ambiguity_linux_test.go:577: native-ready replacement attempt refused by the dirty guard: disposition "rebuild_required" -> "rebuild_required", no Started, no executable frames, no callbacks, replacement catalog unchanged (OID 16757)
    borrowed-replacement-owner-commit-ambiguity_linux_test.go:630: commit-ambiguity pre-COMMIT cancellation: the committed rollback was confirmed clean, NO COMMIT was dispatched (witness-timeout stayed not-established, never inferred as a rollback), zero journal rows were durable and the owner session survived
    borrowed-replacement-owner-commit-ambiguity_linux_test.go:957: commit-ambiguity gate negatives: unrecognized framing, bare COMMIT text, failed reads, partial frames, missing barriers and witness timeouts all stayed NOTESTABLISHED/UNCERTAIN and were never inferred as a rollback; the REAL PostgreSQL COMMIT completion frames were validated and withheld, and a deadline change ended the withheld wait boundedly without upgrading the witness
2026/10/01 21:41:46 🐳 Stopping container: 9eac0f7c2c1a
2026/10/01 21:41:46 ✅ Container stopped: 9eac0f7c2c1a
2026/10/01 21:41:46 🐳 Terminating container: 9eac0f7c2c1a
2026/10/01 21:41:46 🚫 Container terminated: 9eac0f7c2c1a
2026/10/01 21:41:46 🐳 Stopping container: 0011a0b5c6d8
2026/10/01 21:41:47 ✅ Container stopped: 0011a0b5c6d8
2026/10/01 21:41:47 🐳 Terminating container: 0011a0b5c6d8
2026/10/01 21:41:47 🚫 Container terminated: 0011a0b5c6d8
2026/10/01 21:41:47 🐳 Stopping container: 044418a39852
2026/10/01 21:41:47 ✅ Container stopped: 044418a39852
2026/10/01 21:41:47 🐳 Terminating container: 044418a39852
2026/10/01 21:41:47 🚫 Container terminated: 044418a39852
--- PASS: TestBorrowedReplacementOwnerCommitAmbiguity (63.05s)
PASS
ok  	github.com/xtianxx/txharbor/internal/recovery	63.089s
exit=0
