pg_restore (PostgreSQL) 18.6 (Debian 18.6-1.pgdg13+2)
go version go1.26.5 linux/amd64
2026/10/01 21:27:35 github.com/testcontainers/testcontainers-go - Connected to docker: 
  Server Version: 29.6.1
  API Version: 1.55
  Operating System: Ubuntu 24.04.4 LTS
  Total Memory: 15915 MB
  Testcontainers for Go Version: v0.44.0
  Resolved Docker Host: unix:///var/run/docker.sock
  Resolved Docker Socket Path: /var/run/docker.sock
  Test SessionID: fae687353aed129bca969b4c6ef144e0b079094236e842aebfc3bea59cbff64f
  Test ProcessID: fa0633f7-af7f-41d9-abe9-56f62b66ae99
=== RUN   TestBorrowedReplacementOwnerCommitAmbiguity
2026/10/01 21:27:35 🐳 Creating container for image postgres@sha256:4ef4dbc939d61acea57712655ddb4b4ab27419c913f94cca0cd57cb3ea3c2280
2026/10/01 21:27:36 🐳 Creating container for image testcontainers/ryuk:0.14.0
2026/10/01 21:27:36 ✅ Container created: 16edfdf8fa5a
2026/10/01 21:27:36 🐳 Starting container: 16edfdf8fa5a
2026/10/01 21:27:36 ✅ Container started: 16edfdf8fa5a
2026/10/01 21:27:36 ⏳ Waiting for container id 16edfdf8fa5a image: testcontainers/ryuk:0.14.0. Waiting for: all of: [log message "Started", port 8080/tcp to be listening]
2026/10/01 21:27:37 Shell not found in container
2026/10/01 21:27:37 🔔 Container is ready: 16edfdf8fa5a
2026/10/01 21:27:37 ✅ Container created: 19c01b55f0cc
2026/10/01 21:27:37 🐳 Starting container: 19c01b55f0cc
2026/10/01 21:27:37 ✅ Container started: 19c01b55f0cc
2026/10/01 21:27:37 ⏳ Waiting for container id 19c01b55f0cc image: postgres@sha256:4ef4dbc939d61acea57712655ddb4b4ab27419c913f94cca0cd57cb3ea3c2280. Waiting for: log message "database system is ready to accept connections" (occurrence: 2)
2026/10/01 21:27:39 🔔 Container is ready: 19c01b55f0cc
    borrowed-replacement-owner-commit-ambiguity_linux_test.go:278: protected fixture actual HBA rules (all SCRAM, no trust fallback): line=1 type=local address="" auth=scram-sha-256; line=2 type=host address="127.0.0.1" auth=scram-sha-256; line=3 type=host address="::1" auth=scram-sha-256; line=4 type=host address="all" auth=scram-sha-256
    borrowed-replacement-owner-commit-ambiguity_linux_test.go:278: successor retired: backend PID 328 incarnation strictly gone, owner health retained, guard non-clean, acceptance zero
    borrowed-replacement-owner-commit-ambiguity_linux_test.go:278: guard-row window fixture: fixture original canonical key retained, disposition "rebuild_required" (deliberately unresolved), operation provenance matches the fixture original
    borrowed-replacement-owner-commit-ambiguity_linux_test.go:283: native-ready replacement attempt refused by the dirty guard: disposition "rebuild_required" -> "rebuild_required", no Started, no executable frames, no callbacks, replacement catalog unchanged (OID 16757)
    borrowed-replacement-owner-commit-ambiguity_linux_test.go:384: commit-ambiguity positive: the fixed drill fault established that the ACTUAL COMMIT was sent and withheld its VALIDATED PostgreSQL completion before pgx saw it (audit_id=1), the independent bounded read observed exactly ONE committed refused non-instance-bound row and the released guard row while withheld, the transport break made the ACTUAL Commit call return an error (never an injected acknowledgement error), the composite refused, the durable row remained, the provisional eligibility was one-shot and non-reusable, and the guard stayed unresolved with acceptance zero
2026/10/01 21:28:07 🐳 Creating container for image postgres@sha256:4ef4dbc939d61acea57712655ddb4b4ab27419c913f94cca0cd57cb3ea3c2280
2026/10/01 21:28:07 ✅ Container created: 81fb92b7b4a9
2026/10/01 21:28:07 🐳 Starting container: 81fb92b7b4a9
2026/10/01 21:28:07 ✅ Container started: 81fb92b7b4a9
2026/10/01 21:28:07 ⏳ Waiting for container id 81fb92b7b4a9 image: postgres@sha256:4ef4dbc939d61acea57712655ddb4b4ab27419c913f94cca0cd57cb3ea3c2280. Waiting for: log message "database system is ready to accept connections" (occurrence: 2)
2026/10/01 21:28:09 🔔 Container is ready: 81fb92b7b4a9
    borrowed-replacement-owner-commit-ambiguity_linux_test.go:399: protected fixture actual HBA rules (all SCRAM, no trust fallback): line=1 type=local address="" auth=scram-sha-256; line=2 type=host address="127.0.0.1" auth=scram-sha-256; line=3 type=host address="::1" auth=scram-sha-256; line=4 type=host address="all" auth=scram-sha-256
    borrowed-replacement-owner-commit-ambiguity_linux_test.go:399: successor retired: backend PID 330 incarnation strictly gone, owner health retained, guard non-clean, acceptance zero
    borrowed-replacement-owner-commit-ambiguity_linux_test.go:399: guard-row window fixture: fixture original canonical key retained, disposition "rebuild_required" (deliberately unresolved), operation provenance matches the fixture original
    borrowed-replacement-owner-commit-ambiguity_linux_test.go:404: native-ready replacement attempt refused by the dirty guard: disposition "rebuild_required" -> "rebuild_required", no Started, no executable frames, no callbacks, replacement catalog unchanged (OID 16757)
    borrowed-replacement-owner-commit-ambiguity_linux_test.go:435: replacement session retired: backend PID 592 incarnation strictly gone, owner health retained, guard non-clean, acceptance zero
    borrowed-replacement-owner-commit-ambiguity_linux_test.go:447: native-ready replacement attempt refused by the dirty guard: disposition "rebuild_required" -> "rebuild_required", no Started, no executable frames, no callbacks, replacement catalog unchanged (OID 16757)
    borrowed-replacement-owner-commit-ambiguity_linux_test.go:448: commit-ambiguity unarmed control: the UNARMED fixed fault passed all ordinary traffic (no witness claimed), the COMMIT was acknowledged with exactly ONE genuine refused row (audit_id=1, attempt borrowed-replacement-owner-journal-ordinary-1790890114475054481), the guard stayed unchanged, guarded retirement ran, replay/copy refused and the ordinary native-ready attempt was still refused by the dirty guard
    borrowed-replacement-owner-commit-ambiguity_linux_test.go:526: commit-ambiguity reservation controls: the reserved installation was consumed by exactly ONE real acquisition (repeated acquisitions unwrapped and committed ordinarily), overlapping reservations were rejected, stale resets never cleared the newer installation, and the newer installation's armed gate actually withheld its VALIDATED COMMIT completion until the transport break made the ACTUAL commit return an ambiguous-COMMIT error
2026/10/01 21:28:35 🐳 Creating container for image postgres@sha256:4ef4dbc939d61acea57712655ddb4b4ab27419c913f94cca0cd57cb3ea3c2280
2026/10/01 21:28:35 ✅ Container created: 0329eb8d3dea
2026/10/01 21:28:35 🐳 Starting container: 0329eb8d3dea
2026/10/01 21:28:35 ✅ Container started: 0329eb8d3dea
2026/10/01 21:28:35 ⏳ Waiting for container id 0329eb8d3dea image: postgres@sha256:4ef4dbc939d61acea57712655ddb4b4ab27419c913f94cca0cd57cb3ea3c2280. Waiting for: log message "database system is ready to accept connections" (occurrence: 2)
2026/10/01 21:28:37 🔔 Container is ready: 0329eb8d3dea
    borrowed-replacement-owner-commit-ambiguity_linux_test.go:539: protected fixture actual HBA rules (all SCRAM, no trust fallback): line=1 type=local address="" auth=scram-sha-256; line=2 type=host address="127.0.0.1" auth=scram-sha-256; line=3 type=host address="::1" auth=scram-sha-256; line=4 type=host address="all" auth=scram-sha-256
    borrowed-replacement-owner-commit-ambiguity_linux_test.go:539: successor retired: backend PID 328 incarnation strictly gone, owner health retained, guard non-clean, acceptance zero
    borrowed-replacement-owner-commit-ambiguity_linux_test.go:539: guard-row window fixture: fixture original canonical key retained, disposition "rebuild_required" (deliberately unresolved), operation provenance matches the fixture original
    borrowed-replacement-owner-commit-ambiguity_linux_test.go:543: native-ready replacement attempt refused by the dirty guard: disposition "rebuild_required" -> "rebuild_required", no Started, no executable frames, no callbacks, replacement catalog unchanged (OID 16757)
    borrowed-replacement-owner-commit-ambiguity_linux_test.go:596: commit-ambiguity pre-COMMIT cancellation: the committed rollback was confirmed clean, NO COMMIT was dispatched (witness-timeout stayed not-established, never inferred as a rollback), zero journal rows were durable and the owner session survived
    borrowed-replacement-owner-commit-ambiguity_linux_test.go:809: commit-ambiguity gate negatives: unrecognized framing, bare COMMIT text, failed reads, partial frames, missing barriers and witness timeouts all stayed NOTESTABLISHED/UNCERTAIN and were never inferred as a rollback; the REAL PostgreSQL COMMIT completion frames were validated and withheld, and a deadline change ended the withheld wait boundedly without upgrading the witness
2026/10/01 21:29:01 🐳 Stopping container: 0329eb8d3dea
2026/10/01 21:29:02 ✅ Container stopped: 0329eb8d3dea
2026/10/01 21:29:02 🐳 Terminating container: 0329eb8d3dea
2026/10/01 21:29:02 🚫 Container terminated: 0329eb8d3dea
2026/10/01 21:29:02 🐳 Stopping container: 81fb92b7b4a9
2026/10/01 21:29:02 ✅ Container stopped: 81fb92b7b4a9
2026/10/01 21:29:02 🐳 Terminating container: 81fb92b7b4a9
2026/10/01 21:29:02 🚫 Container terminated: 81fb92b7b4a9
2026/10/01 21:29:02 🐳 Stopping container: 19c01b55f0cc
2026/10/01 21:29:03 ✅ Container stopped: 19c01b55f0cc
2026/10/01 21:29:03 🐳 Terminating container: 19c01b55f0cc
2026/10/01 21:29:03 🚫 Container terminated: 19c01b55f0cc
--- PASS: TestBorrowedReplacementOwnerCommitAmbiguity (93.25s)
PASS
exit=0
