2026/10/07 04:06:50 github.com/testcontainers/testcontainers-go - Connected to docker: 
  Server Version: 29.6.1
  API Version: 1.55
  Operating System: Ubuntu 24.04.4 LTS
  Total Memory: 15915 MB
  Testcontainers for Go Version: v0.44.0
  Resolved Docker Host: unix:///var/run/docker.sock
  Resolved Docker Socket Path: /var/run/docker.sock
  Test SessionID: fe2c0e4fee030d903329b0f41d68dd639c13d61669f9fbc4e72abb03f0b9b71e
  Test ProcessID: 12bd9e59-4744-4ce8-a2a8-789dc5e54011
=== RUN   TestControlAnchorCaptureMatchesActualControlOwner
2026/10/07 04:06:50 🐳 Creating container for image postgres@sha256:4ef4dbc939d61acea57712655ddb4b4ab27419c913f94cca0cd57cb3ea3c2280
2026/10/07 04:06:50 🐳 Creating container for image testcontainers/ryuk:0.14.0
2026/10/07 04:06:50 ✅ Container created: 5a7af24751e6
2026/10/07 04:06:50 🐳 Starting container: 5a7af24751e6
2026/10/07 04:06:51 ✅ Container started: 5a7af24751e6
2026/10/07 04:06:51 ⏳ Waiting for container id 5a7af24751e6 image: testcontainers/ryuk:0.14.0. Waiting for: all of: [log message "Started", port 8080/tcp to be listening]
2026/10/07 04:06:51 Shell not found in container
2026/10/07 04:06:51 🔔 Container is ready: 5a7af24751e6
2026/10/07 04:06:51 ✅ Container created: 0f9ce11ceaf2
2026/10/07 04:06:51 🐳 Starting container: 0f9ce11ceaf2
2026/10/07 04:06:49 ✅ Container started: 0f9ce11ceaf2
2026/10/07 04:06:49 ⏳ Waiting for container id 0f9ce11ceaf2 image: postgres@sha256:4ef4dbc939d61acea57712655ddb4b4ab27419c913f94cca0cd57cb3ea3c2280. Waiting for: all of: [log message "database system is ready to accept connections" (occurrence: 2)]
2026/10/07 04:06:51 🔔 Container is ready: 0f9ce11ceaf2
    control-anchor-mini_linux_test.go:214: anchor live binding accepted: local=172.17.0.3:42476 remote=172.17.0.1:44689 inode=54505159
    control-anchor-mini_linux_test.go:228: foreign owner probe refused: process 324 holds no descriptor for socket inode 54505159
    control-anchor-mini_linux_test.go:233: wrong socket inode probe refused: process 193 holds no descriptor for socket inode 54505160
    control-anchor-mini_linux_test.go:247: independent connection tuple differs: independent local=172.17.0.3:42500 vs captured local=172.17.0.3:42476
2026/10/07 04:06:52 🐳 Stopping container: 0f9ce11ceaf2
2026/10/07 04:06:53 ✅ Container stopped: 0f9ce11ceaf2
2026/10/07 04:06:53 🐳 Terminating container: 0f9ce11ceaf2
2026/10/07 04:06:53 🚫 Container terminated: 0f9ce11ceaf2
--- PASS: TestControlAnchorCaptureMatchesActualControlOwner (5.25s)
PASS
ok  	github.com/xtianxx/txharbor/internal/recovery	5.294s
