=== RUN   TestRedisBudgetCTEBoundary
2026/10/06 10:57:23 github.com/testcontainers/testcontainers-go - Connected to docker: 
  Server Version: 29.6.1
  API Version: 1.55
  Operating System: Ubuntu 24.04.4 LTS
  Total Memory: 15915 MB
  Testcontainers for Go Version: v0.44.0
  Resolved Docker Host: unix:///var/run/docker.sock
  Resolved Docker Socket Path: /var/run/docker.sock
  Test SessionID: 9047468fe0c1e9bc9f96ce3acccac15c39dc69a64f6b091c919ea8138ddc194a
  Test ProcessID: c802a16e-14ad-4f1b-988a-e3af8290e065
2026/10/06 10:57:23 🐳 Creating container for image redis:8.2.10-alpine
2026/10/06 10:57:23 🐳 Creating container for image testcontainers/ryuk:0.14.0
2026/10/06 10:57:23 ✅ Container created: 33a2b7d70308
2026/10/06 10:57:23 🐳 Starting container: 33a2b7d70308
2026/10/06 10:57:24 ✅ Container started: 33a2b7d70308
2026/10/06 10:57:24 ⏳ Waiting for container id 33a2b7d70308 image: testcontainers/ryuk:0.14.0. Waiting for: all of: [log message "Started", port 8080/tcp to be listening]
2026/10/06 10:57:24 Shell not found in container
2026/10/06 10:57:24 🔔 Container is ready: 33a2b7d70308
2026/10/06 10:57:24 ✅ Container created: f4154194f2ae
2026/10/06 10:57:24 🐳 Starting container: f4154194f2ae
2026/10/06 10:57:24 ✅ Container started: f4154194f2ae
2026/10/06 10:57:24 ⏳ Waiting for container id f4154194f2ae image: redis:8.2.10-alpine. Waiting for: all of: [port 6379/tcp to be listening, log message "* Ready to accept connections"]
2026/10/06 10:57:24 🔔 Container is ready: f4154194f2ae
    redisbudget_cte_test.go:205: cte evidence dir: /tmp/txharbor-test-evidence-1593137668
=== RUN   TestRedisBudgetCTEBoundary/hot_poolwait
=== RUN   TestRedisBudgetCTEBoundary/cancel_points
=== RUN   TestRedisBudgetCTEBoundary/cold_init
=== RUN   TestRedisBudgetCTEBoundary/parent_deadline
=== RUN   TestRedisBudgetCTEBoundary/cte_off_hot_control
=== RUN   TestRedisBudgetCTEBoundary/normal_and_recovery
=== NAME  TestRedisBudgetCTEBoundary
    redisbudget_cte_test.go:556: hot_poolwait               primary      200.6ms ok=false bound=true   class=context_deadline_exceeded
    redisbudget_cte_test.go:556: hot_poolwait               secondary    202.2ms ok=false bound=true   class=context_deadline_exceeded
    redisbudget_cte_test.go:556: cancel_inflight            solo         203.0ms ok=false bound=true   class=other
    redisbudget_cte_test.go:556: cancel_poolwait            solo          61.5ms ok=false bound=true   class=other
    redisbudget_cte_test.go:556: cold_init                  solo         200.9ms ok=false bound=true   class=context_deadline_exceeded
    redisbudget_cte_test.go:556: parent_deadline            solo          81.6ms ok=false bound=true   class=context_deadline_exceeded
    redisbudget_cte_test.go:556: cte_off_hot_control        solo        1001.3ms ok=false bound=true   class=context_deadline_exceeded
    redisbudget_cte_test.go:556: normal                     solo           6.7ms ok=true  bound=true   class=ok
    redisbudget_cte_test.go:556: recovery                   solo           5.6ms ok=true  bound=true   class=
2026/10/06 10:57:40 🐳 Stopping container: f4154194f2ae
2026/10/06 10:57:41 ✅ Container stopped: f4154194f2ae
2026/10/06 10:57:41 🐳 Terminating container: f4154194f2ae
2026/10/06 10:57:41 🚫 Container terminated: f4154194f2ae
--- PASS: TestRedisBudgetCTEBoundary (18.53s)
    --- PASS: TestRedisBudgetCTEBoundary/hot_poolwait (2.24s)
    --- PASS: TestRedisBudgetCTEBoundary/cancel_points (2.22s)
    --- PASS: TestRedisBudgetCTEBoundary/cold_init (2.20s)
    --- PASS: TestRedisBudgetCTEBoundary/parent_deadline (2.08s)
    --- PASS: TestRedisBudgetCTEBoundary/cte_off_hot_control (3.01s)
    --- PASS: TestRedisBudgetCTEBoundary/normal_and_recovery (4.22s)
=== RUN   TestRedisBudgetResponseLossCounterexample
2026/10/06 10:57:41 🐳 Creating container for image redis:8.2.10-alpine
2026/10/06 10:57:41 ✅ Container created: e8d851a90277
2026/10/06 10:57:41 🐳 Starting container: e8d851a90277
2026/10/06 10:57:42 ✅ Container started: e8d851a90277
2026/10/06 10:57:42 ⏳ Waiting for container id e8d851a90277 image: redis:8.2.10-alpine. Waiting for: all of: [port 6379/tcp to be listening, log message "* Ready to accept connections"]
2026/10/06 10:57:42 🔔 Container is ready: e8d851a90277
    redisbudget_cte_test.go:647: response-loss evidence dir: /tmp/txharbor-test-evidence-1638707513
    redisbudget_cte_test.go:803: close_before_expiry  sends=3 execs=3 withheld=3 tokens 9→6.007999999999999 settled="" deduct≈3.0 dur=200.8ms resended=true doubled=true context_deadline_exceeded bucket_expired(TTL=2*L)
    redisbudget_cte_test.go:803: hold_to_expiry       sends=1 execs=1 withheld=1 tokens 9→8.007 settled="" deduct≈1.0 dur=201.6ms resended=false doubled=false context_deadline_exceeded bucket_expired(TTL=2*L)
    redisbudget_cte_test.go:803: isolated_noretry     sends=1 execs=1 withheld=1 tokens 9→8.008 settled="8.008" deduct≈1.0 dur=35.5ms resended=false doubled=false other bucket_alive
2026/10/06 10:57:43 🐳 Stopping container: e8d851a90277
2026/10/06 10:57:44 ✅ Container stopped: e8d851a90277
2026/10/06 10:57:44 🐳 Terminating container: e8d851a90277
2026/10/06 10:57:44 🚫 Container terminated: e8d851a90277
--- PASS: TestRedisBudgetResponseLossCounterexample (3.06s)
PASS
ok  	github.com/xtianxx/txharbor/internal/ratelimit	22.654s
