=== RUN   TestRatelimitAssemblyDedicatedClientOptions
--- PASS: TestRatelimitAssemblyDedicatedClientOptions (0.05s)
=== RUN   TestRatelimitBudgetTTLDecoupling
2026/10/06 13:34:41 github.com/testcontainers/testcontainers-go - Connected to docker: 
  Server Version: 29.6.1
  API Version: 1.55
  Operating System: Ubuntu 24.04.4 LTS
  Total Memory: 15915 MB
  Testcontainers for Go Version: v0.44.0
  Resolved Docker Host: unix:///var/run/docker.sock
  Resolved Docker Socket Path: /var/run/docker.sock
  Test SessionID: 1e80b2a9f7289b29d15a20e77501e2e65d1133638b90185df99f56cbef6061a3
  Test ProcessID: bed38791-b7fd-4281-bbf6-638d599d217b
2026/10/06 13:34:41 🐳 Creating container for image redis:8.2.10-alpine
2026/10/06 13:34:41 🐳 Creating container for image testcontainers/ryuk:0.14.0
2026/10/06 13:34:42 ✅ Container created: 004120c532c3
2026/10/06 13:34:42 🐳 Starting container: 004120c532c3
2026/10/06 13:34:42 ✅ Container started: 004120c532c3
2026/10/06 13:34:42 ⏳ Waiting for container id 004120c532c3 image: testcontainers/ryuk:0.14.0. Waiting for: all of: [log message "Started", port 8080/tcp to be listening]
2026/10/06 13:34:42 Shell not found in container
2026/10/06 13:34:42 🔔 Container is ready: 004120c532c3
2026/10/06 13:34:42 ✅ Container created: 0dfae5e668e2
2026/10/06 13:34:42 🐳 Starting container: 0dfae5e668e2
2026/10/06 13:34:43 ✅ Container started: 0dfae5e668e2
2026/10/06 13:34:43 ⏳ Waiting for container id 0dfae5e668e2 image: redis:8.2.10-alpine. Waiting for: all of: [port 6379/tcp to be listening, log message "* Ready to accept connections"]
2026/10/06 13:34:43 🔔 Container is ready: 0dfae5e668e2
    ratelimit_budget_assembly_integration_test.go:172: ttl decoupling evidence dir: /tmp/txharbor-impl-ev
=== RUN   TestRatelimitBudgetTTLDecoupling/timeout_1s_budget_unset
=== RUN   TestRatelimitBudgetTTLDecoupling/timeout_1s_budget_200ms
=== RUN   TestRatelimitBudgetTTLDecoupling/timeout_3s_budget_unset
=== RUN   TestRatelimitBudgetTTLDecoupling/timeout_3s_budget_200ms
2026/10/06 13:34:43 🐳 Stopping container: 0dfae5e668e2
2026/10/06 13:34:44 ✅ Container stopped: 0dfae5e668e2
2026/10/06 13:34:44 🐳 Terminating container: 0dfae5e668e2
2026/10/06 13:34:44 🚫 Container terminated: 0dfae5e668e2
--- PASS: TestRatelimitBudgetTTLDecoupling (2.55s)
    --- PASS: TestRatelimitBudgetTTLDecoupling/timeout_1s_budget_unset (0.01s)
    --- PASS: TestRatelimitBudgetTTLDecoupling/timeout_1s_budget_200ms (0.01s)
    --- PASS: TestRatelimitBudgetTTLDecoupling/timeout_3s_budget_unset (0.01s)
    --- PASS: TestRatelimitBudgetTTLDecoupling/timeout_3s_budget_200ms (0.01s)
=== RUN   TestRatelimitAssemblyDropNoDoubleDeduct
2026/10/06 13:34:44 🐳 Creating container for image redis:8.2.10-alpine
2026/10/06 13:34:44 ✅ Container created: ba059c525944
2026/10/06 13:34:44 🐳 Starting container: ba059c525944
2026/10/06 13:34:44 ✅ Container started: ba059c525944
2026/10/06 13:34:44 ⏳ Waiting for container id ba059c525944 image: redis:8.2.10-alpine. Waiting for: all of: [port 6379/tcp to be listening, log message "* Ready to accept connections"]
2026/10/06 13:34:44 🔔 Container is ready: ba059c525944
    ratelimit_budget_assembly_integration_test.go:307: assembly drop evidence dir: /tmp/txharbor-impl-ev
2026/10/06 13:34:45 🐳 Stopping container: ba059c525944
2026/10/06 13:34:45 ✅ Container stopped: ba059c525944
2026/10/06 13:34:45 🐳 Terminating container: ba059c525944
2026/10/06 13:34:45 🚫 Container terminated: ba059c525944
--- PASS: TestRatelimitAssemblyDropNoDoubleDeduct (1.55s)
=== RUN   TestRatelimitAssemblyPoolCompetition
2026/10/06 13:34:45 🐳 Creating container for image redis:8.2.10-alpine
2026/10/06 13:34:45 ✅ Container created: eb58a20025c0
2026/10/06 13:34:45 🐳 Starting container: eb58a20025c0
2026/10/06 13:34:46 ✅ Container started: eb58a20025c0
2026/10/06 13:34:46 ⏳ Waiting for container id eb58a20025c0 image: redis:8.2.10-alpine. Waiting for: all of: [port 6379/tcp to be listening, log message "* Ready to accept connections"]
2026/10/06 13:34:46 🔔 Container is ready: eb58a20025c0
    ratelimit_budget_assembly_integration_test.go:511: pool competition evidence dir: /tmp/txharbor-impl-ev
2026/10/06 13:34:46 🐳 Stopping container: eb58a20025c0
2026/10/06 13:34:47 ✅ Container stopped: eb58a20025c0
2026/10/06 13:34:47 🐳 Terminating container: eb58a20025c0
2026/10/06 13:34:47 🚫 Container terminated: eb58a20025c0
--- PASS: TestRatelimitAssemblyPoolCompetition (1.42s)
=== RUN   TestRatelimitAssemblyCancelIdentity
2026/10/06 13:34:47 🐳 Creating container for image redis:8.2.10-alpine
2026/10/06 13:34:47 ✅ Container created: 9ba6183e528e
2026/10/06 13:34:47 🐳 Starting container: 9ba6183e528e
2026/10/06 13:34:47 ✅ Container started: 9ba6183e528e
2026/10/06 13:34:47 ⏳ Waiting for container id 9ba6183e528e image: redis:8.2.10-alpine. Waiting for: all of: [port 6379/tcp to be listening, log message "* Ready to accept connections"]
2026/10/06 13:34:47 🔔 Container is ready: 9ba6183e528e
    ratelimit_budget_assembly_integration_test.go:676: cancel identity evidence dir: /tmp/txharbor-impl-ev
2026/10/06 13:34:48 WARN rpc class safely paused: distributed budget unavailable class=send
    ratelimit_budget_assembly_integration_test.go:835: cancel_inflight_dedicated  dur=  200.5ms canceled=true  deadline=false marked=false unavailEvents=0 pausedEvents=0 rpc_send=ok "ratelimit: unavailable\nratelimit eval: read tcp 127.0.0.1:46694->127.0.0.1:46323: i/o timeout\ncontext canceled"
    ratelimit_budget_assembly_integration_test.go:835: rpc_budget_cancel          dur=  200.8ms canceled=true  deadline=false marked=false unavailEvents=0 pausedEvents=0 rpc_send=ok "ratelimit: unavailable\nratelimit eval: i/o timeout\ncontext canceled"
    ratelimit_budget_assembly_integration_test.go:835: timeout_control            dur=  216.1ms canceled=false deadline=true  marked=true  unavailEvents=1 pausedEvents=0 rpc_send=paused "ratelimit: unavailable\nratelimit eval: i/o timeout\ncontext deadline exceeded"
2026/10/06 13:34:48 🐳 Stopping container: 9ba6183e528e
2026/10/06 13:34:48 ✅ Container stopped: 9ba6183e528e
2026/10/06 13:34:48 🐳 Terminating container: 9ba6183e528e
2026/10/06 13:34:48 🚫 Container terminated: 9ba6183e528e
--- PASS: TestRatelimitAssemblyCancelIdentity (1.84s)
=== RUN   TestRatelimitFailureHTTPPolicy
2026/10/06 13:34:49 🐳 Creating container for image postgres:18.6-trixie
2026/10/06 13:34:49 ✅ Container created: aa3b521a0fff
2026/10/06 13:34:49 🐳 Starting container: aa3b521a0fff
2026/10/06 13:34:49 ✅ Container started: aa3b521a0fff
2026/10/06 13:34:49 ⏳ Waiting for container id aa3b521a0fff image: postgres:18.6-trixie. Waiting for: all of: [log message "database system is ready to accept connections" (occurrence: 2)]
2026/10/06 13:34:51 🔔 Container is ready: aa3b521a0fff
2026/10/06 13:34:52 🐳 Creating container for image redis:8.2.10-alpine
2026/10/06 13:34:52 ✅ Container created: 07162fcba674
2026/10/06 13:34:52 🐳 Starting container: 07162fcba674
2026/10/06 13:34:53 ✅ Container started: 07162fcba674
2026/10/06 13:34:53 ⏳ Waiting for container id 07162fcba674 image: redis:8.2.10-alpine. Waiting for: all of: [port 6379/tcp to be listening, log message "* Ready to accept connections"]
2026/10/06 13:34:53 🔔 Container is ready: 07162fcba674
2026/10/06 13:34:53 🐳 Stopping container: 07162fcba674
redis: 2026/10/06 13:34:53 pool.go:762: redis: connection pool: failed to dial after 5 attempts: dial tcp 127.0.0.1:44845: connect: connection refused
2026/10/06 13:34:53 ✅ Container stopped: 07162fcba674
redis: 2026/10/06 13:34:54 pool.go:762: redis: connection pool: failed to dial after 5 attempts: dial tcp 127.0.0.1:44845: connect: connection refused
redis: 2026/10/06 13:34:54 pool.go:762: redis: connection pool: failed to dial after 5 attempts: dial tcp 127.0.0.1:44845: connect: connection refused
redis: 2026/10/06 13:34:54 pool.go:762: redis: connection pool: failed to dial after 5 attempts: dial tcp 127.0.0.1:44845: connect: connection refused
redis: 2026/10/06 13:34:54 pool.go:762: redis: connection pool: failed to dial after 5 attempts: dial tcp 127.0.0.1:44845: connect: connection refused
redis: 2026/10/06 13:34:54 pool.go:762: redis: connection pool: failed to dial after 5 attempts: dial tcp 127.0.0.1:44845: connect: connection refused
redis: 2026/10/06 13:34:54 pool.go:762: redis: connection pool: failed to dial after 5 attempts: dial tcp 127.0.0.1:44845: connect: connection refused
redis: 2026/10/06 13:34:55 pool.go:762: redis: connection pool: failed to dial after 5 attempts: dial tcp 127.0.0.1:44845: connect: connection refused
redis: 2026/10/06 13:34:55 pool.go:762: redis: connection pool: failed to dial after 5 attempts: dial tcp 127.0.0.1:44845: connect: connection refused
2026/10/06 13:34:55 WARN rpc class safely paused: distributed budget unavailable class=send
2026/10/06 13:34:55 🐳 Starting container: 07162fcba674
2026/10/06 13:34:55 ✅ Container started: 07162fcba674
2026/10/06 13:34:55 ⏳ Waiting for container id 07162fcba674 image: redis:8.2.10-alpine. Waiting for: all of: [port 6379/tcp to be listening, log message "* Ready to accept connections"]
2026/10/06 13:34:55 🔔 Container is ready: 07162fcba674
2026/10/06 13:34:55 INFO rpc class resumed after distributed budget recovery class=send
2026/10/06 13:34:55 🐳 Stopping container: 07162fcba674
2026/10/06 13:34:56 ✅ Container stopped: 07162fcba674
2026/10/06 13:34:56 🐳 Terminating container: 07162fcba674
2026/10/06 13:34:56 🚫 Container terminated: 07162fcba674
2026/10/06 13:34:56 🐳 Stopping container: aa3b521a0fff
redis: 2026/10/06 13:34:56 pool.go:762: redis: connection pool: failed to dial after 5 attempts: dial tcp 127.0.0.1:44845: i/o timeout
redis: 2026/10/06 13:34:56 pool.go:762: redis: connection pool: failed to dial after 5 attempts: dial tcp 127.0.0.1:44845: connect: connection refused
2026/10/06 13:34:56 ✅ Container stopped: aa3b521a0fff
2026/10/06 13:34:56 🐳 Terminating container: aa3b521a0fff
2026/10/06 13:34:56 🚫 Container terminated: aa3b521a0fff
--- PASS: TestRatelimitFailureHTTPPolicy (8.01s)
PASS
ok  	github.com/xtianxx/txharbor/internal/app	16.514s
