2026/10/05 04:06:10 github.com/testcontainers/testcontainers-go - Connected to docker: 
  Server Version: 29.6.1
  API Version: 1.55
  Operating System: Ubuntu 24.04.4 LTS
  Total Memory: 15915 MB
  Testcontainers for Go Version: v0.44.0
  Resolved Docker Host: unix:///var/run/docker.sock
  Resolved Docker Socket Path: /var/run/docker.sock
  Test SessionID: 0add200e11e3a057008db2fa7ee94d63694fb338c6e27fcda0c0694a077e68fa
  Test ProcessID: d023706f-b601-4960-86bb-acc7899fc23b
=== RUN   TestRestoreInterruptionNotRestoredAndRerunIdempotent
2026/10/05 04:06:10 🐳 Creating container for image postgres:18.6-trixie
2026/10/05 04:06:11 🐳 Creating container for image testcontainers/ryuk:0.14.0
2026/10/05 04:06:11 ✅ Container created: 297757ddedb5
2026/10/05 04:06:11 🐳 Starting container: 297757ddedb5
2026/10/05 04:06:11 ✅ Container started: 297757ddedb5
2026/10/05 04:06:11 ⏳ Waiting for container id 297757ddedb5 image: testcontainers/ryuk:0.14.0. Waiting for: all of: [log message "Started", port 8080/tcp to be listening]
2026/10/05 04:06:12 Shell not found in container
2026/10/05 04:06:12 🔔 Container is ready: 297757ddedb5
2026/10/05 04:06:12 ✅ Container created: 46ba08c31c5c
2026/10/05 04:06:12 🐳 Starting container: 46ba08c31c5c
2026/10/05 04:06:12 ✅ Container started: 46ba08c31c5c
2026/10/05 04:06:12 ⏳ Waiting for container id 46ba08c31c5c image: postgres:18.6-trixie. Waiting for: all of: [log message "database system is ready to accept connections" (occurrence: 2)]
2026/10/05 04:06:12 🔔 Container is ready: 46ba08c31c5c
2026/10/05 04:06:15 🐳 Stopping container: 46ba08c31c5c
2026/10/05 04:06:15 ✅ Container stopped: 46ba08c31c5c
2026/10/05 04:06:15 🐳 Terminating container: 46ba08c31c5c
2026/10/05 04:06:15 🚫 Container terminated: 46ba08c31c5c
--- PASS: TestRestoreInterruptionNotRestoredAndRerunIdempotent (7.57s)
=== RUN   TestBkpProbeExitPositiveZeroCensus
2026/10/05 04:06:15 🐳 Creating container for image postgres:18.6-trixie
2026/10/05 04:06:16 ✅ Container created: faae23fc3bc0
2026/10/05 04:06:16 🐳 Starting container: faae23fc3bc0
2026/10/05 04:06:16 ✅ Container started: faae23fc3bc0
2026/10/05 04:06:16 ⏳ Waiting for container id faae23fc3bc0 image: postgres:18.6-trixie. Waiting for: all of: [log message "database system is ready to accept connections" (occurrence: 2)]
2026/10/05 04:06:18 🔔 Container is ready: faae23fc3bc0
2026/10/05 04:06:18 🐳 Stopping container: faae23fc3bc0
2026/10/05 04:06:19 ✅ Container stopped: faae23fc3bc0
2026/10/05 04:06:19 🐳 Terminating container: faae23fc3bc0
2026/10/05 04:06:19 🚫 Container terminated: faae23fc3bc0
--- PASS: TestBkpProbeExitPositiveZeroCensus (3.70s)
=== RUN   TestBkpProbeExitForeignSessionRefusedByCensus
2026/10/05 04:06:19 🐳 Creating container for image postgres:18.6-trixie
2026/10/05 04:06:19 ✅ Container created: 1aa46d0008cb
2026/10/05 04:06:19 🐳 Starting container: 1aa46d0008cb
2026/10/05 04:06:20 ✅ Container started: 1aa46d0008cb
2026/10/05 04:06:20 ⏳ Waiting for container id 1aa46d0008cb image: postgres:18.6-trixie. Waiting for: all of: [log message "database system is ready to accept connections" (occurrence: 2)]
2026/10/05 04:06:21 🔔 Container is ready: 1aa46d0008cb
2026/10/05 04:06:22 🐳 Stopping container: 1aa46d0008cb
2026/10/05 04:06:23 ✅ Container stopped: 1aa46d0008cb
2026/10/05 04:06:23 🐳 Terminating container: 1aa46d0008cb
2026/10/05 04:06:23 🚫 Container terminated: 1aa46d0008cb
--- PASS: TestBkpProbeExitForeignSessionRefusedByCensus (3.51s)
=== RUN   TestBkpProbeExitAttemptTaggedSessionStillRefused
2026/10/05 04:06:23 🐳 Creating container for image postgres:18.6-trixie
2026/10/05 04:06:23 ✅ Container created: 9a5a901587fe
2026/10/05 04:06:23 🐳 Starting container: 9a5a901587fe
2026/10/05 04:06:23 ✅ Container started: 9a5a901587fe
2026/10/05 04:06:23 ⏳ Waiting for container id 9a5a901587fe image: postgres:18.6-trixie. Waiting for: all of: [log message "database system is ready to accept connections" (occurrence: 2)]
2026/10/05 04:06:25 🔔 Container is ready: 9a5a901587fe
2026/10/05 04:06:26 🐳 Stopping container: 9a5a901587fe
2026/10/05 04:06:26 ✅ Container stopped: 9a5a901587fe
2026/10/05 04:06:26 🐳 Terminating container: 9a5a901587fe
2026/10/05 04:06:26 🚫 Container terminated: 9a5a901587fe
--- PASS: TestBkpProbeExitAttemptTaggedSessionStillRefused (3.55s)
=== RUN   TestBkpProbeExitWaitIsBoundedAndDiagnoses
2026/10/05 04:06:26 🐳 Creating container for image postgres:18.6-trixie
2026/10/05 04:06:26 ✅ Container created: b14da4924549
2026/10/05 04:06:26 🐳 Starting container: b14da4924549
2026/10/05 04:06:27 ✅ Container started: b14da4924549
2026/10/05 04:06:27 ⏳ Waiting for container id b14da4924549 image: postgres:18.6-trixie. Waiting for: all of: [log message "database system is ready to accept connections" (occurrence: 2)]
2026/10/05 04:06:28 🔔 Container is ready: b14da4924549
2026/10/05 04:06:29 🐳 Stopping container: b14da4924549
2026/10/05 04:06:30 ✅ Container stopped: b14da4924549
2026/10/05 04:06:30 🐳 Terminating container: b14da4924549
2026/10/05 04:06:30 🚫 Container terminated: b14da4924549
--- PASS: TestBkpProbeExitWaitIsBoundedAndDiagnoses (3.81s)
PASS
ok  	github.com/xtianxx/txharbor/internal/recovery	22.175s
