pg_restore (PostgreSQL) 18.6 (Debian 18.6-1.pgdg13+2)
go version go1.26.5 linux/amd64
2026/10/01 21:52:50 github.com/testcontainers/testcontainers-go - Connected to docker: 
  Server Version: 29.6.1
  API Version: 1.55
  Operating System: Ubuntu 24.04.4 LTS
  Total Memory: 15915 MB
  Testcontainers for Go Version: v0.44.0
  Resolved Docker Host: unix:///var/run/docker.sock
  Resolved Docker Socket Path: /var/run/docker.sock
  Test SessionID: c772066953fd7eb0c219d9c61eadd4cb96a3e807d6b25689c4597ad80aba12da
  Test ProcessID: 0f51804b-c2c3-4c8f-98b7-d3adc029531f
=== RUN   TestBorrowedReplacementOwnerCommitAmbiguity
2026/10/01 21:52:50 🐳 Creating container for image postgres@sha256:4ef4dbc939d61acea57712655ddb4b4ab27419c913f94cca0cd57cb3ea3c2280
2026/10/01 21:52:50 🐳 Creating container for image testcontainers/ryuk:0.14.0
2026/10/01 21:52:50 ✅ Container created: e36850e7b30d
2026/10/01 21:52:50 🐳 Starting container: e36850e7b30d
2026/10/01 21:52:51 ✅ Container started: e36850e7b30d
2026/10/01 21:52:51 ⏳ Waiting for container id e36850e7b30d image: testcontainers/ryuk:0.14.0. Waiting for: all of: [log message "Started", port 8080/tcp to be listening]
2026/10/01 21:52:51 Shell not found in container
2026/10/01 21:52:51 🔔 Container is ready: e36850e7b30d
2026/10/01 21:52:51 ✅ Container created: 90dcaa07a8e7
2026/10/01 21:52:51 🐳 Starting container: 90dcaa07a8e7
2026/10/01 21:52:52 ✅ Container started: 90dcaa07a8e7
2026/10/01 21:52:52 ⏳ Waiting for container id 90dcaa07a8e7 image: postgres@sha256:4ef4dbc939d61acea57712655ddb4b4ab27419c913f94cca0cd57cb3ea3c2280. Waiting for: log message "database system is ready to accept connections" (occurrence: 2)
2026/10/01 21:52:53 🔔 Container is ready: 90dcaa07a8e7
    borrowed-replacement-owner-commit-ambiguity_linux_test.go:278: protected fixture actual HBA rules (all SCRAM, no trust fallback): line=1 type=local address="" auth=scram-sha-256; line=2 type=host address="127.0.0.1" auth=scram-sha-256; line=3 type=host address="::1" auth=scram-sha-256; line=4 type=host address="all" auth=scram-sha-256
    borrowed-replacement-owner-commit-ambiguity_linux_test.go:278: successor retired: backend PID 328 incarnation strictly gone, owner health retained, guard non-clean, acceptance zero
    borrowed-replacement-owner-commit-ambiguity_linux_test.go:278: guard-row window fixture: fixture original canonical key retained, disposition "rebuild_required" (deliberately unresolved), operation provenance matches the fixture original
    borrowed-replacement-owner-commit-ambiguity_linux_test.go:283: native-ready replacement attempt refused by the dirty guard: disposition "rebuild_required" -> "rebuild_required", no Started, no executable frames, no callbacks, replacement catalog unchanged (OID 16757)
    borrowed-replacement-owner-commit-ambiguity_linux_test.go:384: commit-ambiguity positive: the fixed drill fault established that the ACTUAL COMMIT was sent and withheld its VALIDATED PostgreSQL completion before pgx saw it (audit_id=1), the independent bounded read observed exactly ONE committed refused non-instance-bound row and the released guard row while withheld, the transport break made the ACTUAL Commit call return an error (never an injected acknowledgement error), the composite refused, the durable row remained, the provisional eligibility was one-shot and non-reusable, and the guard stayed unresolved with acceptance zero
2026/10/01 21:53:12 🐳 Creating container for image postgres@sha256:4ef4dbc939d61acea57712655ddb4b4ab27419c913f94cca0cd57cb3ea3c2280
2026/10/01 21:53:13 ✅ Container created: 787e160e262b
2026/10/01 21:53:13 🐳 Starting container: 787e160e262b
2026/10/01 21:53:13 ✅ Container started: 787e160e262b
2026/10/01 21:53:13 ⏳ Waiting for container id 787e160e262b image: postgres@sha256:4ef4dbc939d61acea57712655ddb4b4ab27419c913f94cca0cd57cb3ea3c2280. Waiting for: log message "database system is ready to accept connections" (occurrence: 2)
2026/10/01 21:53:15 🔔 Container is ready: 787e160e262b
    borrowed-replacement-owner-commit-ambiguity_linux_test.go:399: protected fixture actual HBA rules (all SCRAM, no trust fallback): line=1 type=local address="" auth=scram-sha-256; line=2 type=host address="127.0.0.1" auth=scram-sha-256; line=3 type=host address="::1" auth=scram-sha-256; line=4 type=host address="all" auth=scram-sha-256
    borrowed-replacement-owner-commit-ambiguity_linux_test.go:399: successor retired: backend PID 329 incarnation strictly gone, owner health retained, guard non-clean, acceptance zero
    borrowed-replacement-owner-commit-ambiguity_linux_test.go:399: guard-row window fixture: fixture original canonical key retained, disposition "rebuild_required" (deliberately unresolved), operation provenance matches the fixture original
    borrowed-replacement-owner-commit-ambiguity_linux_test.go:404: native-ready replacement attempt refused by the dirty guard: disposition "rebuild_required" -> "rebuild_required", no Started, no executable frames, no callbacks, replacement catalog unchanged (OID 16757)
    borrowed-replacement-owner-commit-ambiguity_linux_test.go:435: replacement session retired: backend PID 591 incarnation strictly gone, owner health retained, guard non-clean, acceptance zero
    borrowed-replacement-owner-commit-ambiguity_linux_test.go:447: native-ready replacement attempt refused by the dirty guard: disposition "rebuild_required" -> "rebuild_required", no Started, no executable frames, no callbacks, replacement catalog unchanged (OID 16757)
    borrowed-replacement-owner-commit-ambiguity_linux_test.go:448: commit-ambiguity unarmed control: the UNARMED fixed fault passed all ordinary traffic (no witness claimed), the COMMIT was acknowledged with exactly ONE genuine refused row (audit_id=1, attempt borrowed-replacement-owner-journal-ordinary-1790891613340066168), the guard stayed unchanged, guarded retirement ran, replay/copy refused and the ordinary native-ready attempt was still refused by the dirty guard
    borrowed-replacement-owner-commit-ambiguity_linux_test.go:560: commit-ambiguity reservation controls: the reserved installation was consumed by exactly ONE real acquisition (repeated acquisitions unwrapped and committed ordinarily), overlapping reservations were rejected, stale resets never cleared the newer installation, and the newer installation's armed gate actually withheld its VALIDATED COMMIT completion until the transport break made the ACTUAL commit return an ambiguous-COMMIT error
2026/10/01 21:53:34 🐳 Creating container for image postgres@sha256:4ef4dbc939d61acea57712655ddb4b4ab27419c913f94cca0cd57cb3ea3c2280
2026/10/01 21:53:34 ✅ Container created: 68867a825dfb
2026/10/01 21:53:34 🐳 Starting container: 68867a825dfb
2026/10/01 21:53:34 ✅ Container started: 68867a825dfb
2026/10/01 21:53:34 ⏳ Waiting for container id 68867a825dfb image: postgres@sha256:4ef4dbc939d61acea57712655ddb4b4ab27419c913f94cca0cd57cb3ea3c2280. Waiting for: log message "database system is ready to accept connections" (occurrence: 2)
2026/10/01 21:53:36 🔔 Container is ready: 68867a825dfb
    borrowed-replacement-owner-commit-ambiguity_linux_test.go:573: protected fixture actual HBA rules (all SCRAM, no trust fallback): line=1 type=local address="" auth=scram-sha-256; line=2 type=host address="127.0.0.1" auth=scram-sha-256; line=3 type=host address="::1" auth=scram-sha-256; line=4 type=host address="all" auth=scram-sha-256
    borrowed-replacement-owner-commit-ambiguity_linux_test.go:573: successor retired: backend PID 328 incarnation strictly gone, owner health retained, guard non-clean, acceptance zero
    borrowed-replacement-owner-commit-ambiguity_linux_test.go:573: guard-row window fixture: fixture original canonical key retained, disposition "rebuild_required" (deliberately unresolved), operation provenance matches the fixture original
    borrowed-replacement-owner-commit-ambiguity_linux_test.go:577: native-ready replacement attempt refused by the dirty guard: disposition "rebuild_required" -> "rebuild_required", no Started, no executable frames, no callbacks, replacement catalog unchanged (OID 16757)
    borrowed-replacement-owner-commit-ambiguity_linux_test.go:630: commit-ambiguity pre-COMMIT cancellation: the committed rollback was confirmed clean, NO COMMIT was dispatched (witness-timeout stayed not-established, never inferred as a rollback), zero journal rows were durable and the owner session survived
    borrowed-replacement-owner-commit-ambiguity_linux_test.go:1100: commit-ambiguity gate negatives: unrecognized framing, bare COMMIT text, failed reads, partial frames, missing barriers and witness timeouts all stayed NOTESTABLISHED/UNCERTAIN and were never inferred as a rollback; the REAL PostgreSQL COMMIT completion frames were validated and withheld, and a deadline change ended the withheld wait boundedly without upgrading the witness
2026/10/01 21:53:51 🐳 Stopping container: 68867a825dfb
2026/10/01 21:53:52 ✅ Container stopped: 68867a825dfb
2026/10/01 21:53:52 🐳 Terminating container: 68867a825dfb
2026/10/01 21:53:52 🚫 Container terminated: 68867a825dfb
2026/10/01 21:53:52 🐳 Stopping container: 787e160e262b
2026/10/01 21:53:52 ✅ Container stopped: 787e160e262b
2026/10/01 21:53:52 🐳 Terminating container: 787e160e262b
2026/10/01 21:53:52 🚫 Container terminated: 787e160e262b
2026/10/01 21:53:52 🐳 Stopping container: 90dcaa07a8e7
2026/10/01 21:53:53 ✅ Container stopped: 90dcaa07a8e7
2026/10/01 21:53:53 🐳 Terminating container: 90dcaa07a8e7
2026/10/01 21:53:53 🚫 Container terminated: 90dcaa07a8e7
--- PASS: TestBorrowedReplacementOwnerCommitAmbiguity (66.94s)
PASS
ok  	github.com/xtianxx/txharbor/internal/recovery	66.976s
exit=0
