== P2 round, final manifest verification (record fixes applied; covers this round's logs) ==
./CORRECTIONS.md: OK
./README.md: OK
./analysis/summary.md: OK
./analysis/summary_all.json: OK
./checks/analyzer_gofmt.log: OK
./checks/analyzer_gofmt.rc: OK
./checks/analyzer_pkg.log: OK
./checks/analyzer_pkg.rc: OK
./checks/analyzer_pkg_race.log: OK
./checks/analyzer_pkg_race.rc: OK
./checks/analyzer_pre_epoch_after.log: OK
./checks/analyzer_pre_epoch_after.rc: OK
./checks/analyzer_pre_epoch_before.log: OK
./checks/analyzer_pre_epoch_before.rc: OK
./checks/bash_n.log: OK
./checks/bash_n.rc: OK
./checks/build.log: OK
./checks/build.rc: OK
./checks/build_perf.log: OK
./checks/build_perf.rc: OK
./checks/commands.tsv: OK
./checks/environment.txt: OK
./checks/environment_p2fix.txt: OK
./checks/fixture_root_guard.log: OK
./checks/fixture_root_guard.rc: OK
./checks/gofmt.log: OK
./checks/gofmt.rc: OK
./checks/p2fix_bash_n.log: OK
./checks/p2fix_bash_n.rc: OK
./checks/p2fix_py_syntax.log: OK
./checks/p2fix_py_syntax.rc: OK
./checks/raw_preservation.log: OK
./checks/raw_preservation.py: OK
./checks/raw_preservation.rc: OK
./checks/raw_preservation_regression.log: OK
./checks/raw_preservation_regression.rc: OK
./checks/raw_preservation_rerun.log: OK
./checks/raw_preservation_rerun.rc: OK
./checks/raw_preservation_test.sh: OK
./checks/regen_analysis.log: OK
./checks/regen_analysis.rc: OK
./checks/vet_analyze.log: OK
./checks/vet_analyze.rc: OK
./environment.txt: OK
./logs/r01_pristine.env: OK
./logs/r01_pristine.log.gz: OK
./logs/r01_pristine.rc: OK
./logs/r02_on.env: OK
./logs/r02_on.log.gz: OK
./logs/r02_on.rc: OK
./logs/r03_off.env: OK
./logs/r03_off.log.gz: OK
./logs/r03_off.rc: OK
./logs/r04_off.env: OK
./logs/r04_off.log.gz: OK
./logs/r04_off.rc: OK
./logs/r05_on.env: OK
./logs/r05_on.log.gz: OK
./logs/r05_on.rc: OK
./logs/r06_on.env: OK
./logs/r06_on.log.gz: OK
./logs/r06_on.rc: OK
./logs/r07_off.env: OK
./logs/r07_off.log.gz: OK
./logs/r07_off.rc: OK
./logs/r08_off.env: OK
./logs/r08_off.log.gz: OK
./logs/r08_off.rc: OK
./logs/r09_on.env: OK
./logs/r09_on.log.gz: OK
./logs/r09_on.rc: OK
./logs/r10_pristine.env: OK
./logs/r10_pristine.log.gz: OK
./logs/r10_pristine.rc: OK
./logs/runner.log: OK
./logs/summary.tsv: OK
./runs/r01_pristine/exit_code: OK
./runs/r01_pristine/report.json: OK
./runs/r01_pristine/summary.json: OK
./runs/r02_on/anchors.json: OK
./runs/r02_on/exit_code: OK
./runs/r02_on/loop.csv.gz: OK
./runs/r02_on/meta.json: OK
./runs/r02_on/publish.csv.gz: OK
./runs/r02_on/report.json: OK
./runs/r02_on/samples.csv.gz: OK
./runs/r02_on/sql.csv.gz: OK
./runs/r02_on/summary.json: OK
./runs/r03_off/anchors.json: OK
./runs/r03_off/exit_code: OK
./runs/r03_off/meta.json: OK
./runs/r03_off/report.json: OK
./runs/r03_off/samples.csv.gz: OK
./runs/r03_off/summary.json: OK
./runs/r04_off/anchors.json: OK
./runs/r04_off/exit_code: OK
./runs/r04_off/meta.json: OK
./runs/r04_off/report.json: OK
./runs/r04_off/samples.csv.gz: OK
./runs/r04_off/summary.json: OK
./runs/r05_on/anchors.json: OK
./runs/r05_on/exit_code: OK
./runs/r05_on/loop.csv.gz: OK
./runs/r05_on/meta.json: OK
./runs/r05_on/publish.csv.gz: OK
./runs/r05_on/report.json: OK
./runs/r05_on/samples.csv.gz: OK
./runs/r05_on/sql.csv.gz: OK
./runs/r05_on/summary.json: OK
./runs/r06_on/anchors.json: OK
./runs/r06_on/exit_code: OK
./runs/r06_on/loop.csv.gz: OK
./runs/r06_on/meta.json: OK
./runs/r06_on/publish.csv.gz: OK
./runs/r06_on/report.json: OK
./runs/r06_on/samples.csv.gz: OK
./runs/r06_on/sql.csv.gz: OK
./runs/r06_on/summary.json: OK
./runs/r07_off/anchors.json: OK
./runs/r07_off/exit_code: OK
./runs/r07_off/meta.json: OK
./runs/r07_off/report.json: OK
./runs/r07_off/samples.csv.gz: OK
./runs/r07_off/summary.json: OK
./runs/r08_off/anchors.json: OK
./runs/r08_off/exit_code: OK
./runs/r08_off/meta.json: OK
./runs/r08_off/report.json: OK
./runs/r08_off/samples.csv.gz: OK
./runs/r08_off/summary.json: OK
./runs/r09_on/anchors.json: OK
./runs/r09_on/exit_code: OK
./runs/r09_on/loop.csv.gz: OK
./runs/r09_on/meta.json: OK
./runs/r09_on/publish.csv.gz: OK
./runs/r09_on/report.json: OK
./runs/r09_on/samples.csv.gz: OK
./runs/r09_on/sql.csv.gz: OK
./runs/r09_on/summary.json: OK
./runs/r10_pristine/exit_code: OK
./runs/r10_pristine/report.json: OK
./runs/r10_pristine/summary.json: OK
./smoke/analysis/summary.md: OK
./smoke/analysis/summary_all.json: OK
./smoke/logs/r01_on.env: OK
./smoke/logs/r01_on.log.gz: OK
./smoke/logs/r01_on.rc: OK
./smoke/logs/r02_off.env: OK
./smoke/logs/r02_off.log.gz: OK
./smoke/logs/r02_off.rc: OK
./smoke/runs/r01_on/anchors.json: OK
./smoke/runs/r01_on/exit_code: OK
./smoke/runs/r01_on/loop.csv.gz: OK
./smoke/runs/r01_on/meta.json: OK
./smoke/runs/r01_on/publish.csv.gz: OK
./smoke/runs/r01_on/report.json: OK
./smoke/runs/r01_on/samples.csv.gz: OK
./smoke/runs/r01_on/sql.csv.gz: OK
./smoke/runs/r01_on/summary.json: OK
./smoke/runs/r02_off/anchors.json: OK
./smoke/runs/r02_off/exit_code: OK
./smoke/runs/r02_off/meta.json: OK
./smoke/runs/r02_off/report.json: OK
./smoke/runs/r02_off/samples.csv.gz: OK
./smoke/runs/r02_off/summary.json: OK
./source_fingerprint.txt: OK
./source_fingerprint_current.txt: OK
