baseline revision: 27cc51d0801862f85c1ae04fd1fc74a4d300e80a
baseline files: 127; current files: 166
changed (4):
  ./README.md
  ./SHA256SUMS
  ./analysis/summary.md
  ./analysis/summary_all.json
added (39):
  ./CORRECTIONS.md
  ./checks/analyzer_gofmt.log
  ./checks/analyzer_gofmt.rc
  ./checks/analyzer_pkg.log
  ./checks/analyzer_pkg.rc
  ./checks/analyzer_pkg_race.log
  ./checks/analyzer_pkg_race.rc
  ./checks/analyzer_pre_epoch_after.log
  ./checks/analyzer_pre_epoch_after.rc
  ./checks/analyzer_pre_epoch_before.log
  ./checks/analyzer_pre_epoch_before.rc
  ./checks/bash_n.log
  ./checks/bash_n.rc
  ./checks/build.log
  ./checks/build.rc
  ./checks/build_perf.log
  ./checks/build_perf.rc
  ./checks/commands.tsv
  ./checks/environment.txt
  ./checks/environment_p2fix.txt
  ./checks/fixture_root_guard.log
  ./checks/fixture_root_guard.rc
  ./checks/gofmt.log
  ./checks/gofmt.rc
  ./checks/manifest_check.log
  ./checks/manifest_check.rc
  ./checks/raw_preservation.log
  ./checks/raw_preservation.py
  ./checks/raw_preservation.rc
  ./checks/raw_preservation_regression.log
  ./checks/raw_preservation_regression.rc
  ./checks/raw_preservation_rerun.log
  ./checks/raw_preservation_rerun.rc
  ./checks/raw_preservation_test.sh
  ./checks/regen_analysis.log
  ./checks/regen_analysis.rc
  ./checks/vet_analyze.log
  ./checks/vet_analyze.rc
  ./source_fingerprint_current.txt
removed (0): []
raw set (runs/, logs/, environment.txt, source_fingerprint.txt, smoke/):
  changed: NONE
  added:   NONE
  removed: NONE
VERDICT: raw evidence byte-identical
