pg_restore (PostgreSQL) 18.6 (Debian 18.6-1.pgdg13+2)
go version go1.26.5 linux/amd64
2026/10/01 22:13:32 github.com/testcontainers/testcontainers-go - Connected to docker: 
  Server Version: 29.6.1
  API Version: 1.55
  Operating System: Ubuntu 24.04.4 LTS
  Total Memory: 15915 MB
  Testcontainers for Go Version: v0.44.0
  Resolved Docker Host: unix:///var/run/docker.sock
  Resolved Docker Socket Path: /var/run/docker.sock
  Test SessionID: 9c1e661b2e3c033ef0f442fe44414bdfa6fe3ad1e16ccc6ea5e84e3bb37cac44
  Test ProcessID: 5475adf4-6403-464c-9c54-56a51a26e48b
=== RUN   TestBorrowedReplacementOwnerRollbackUnwind
2026/10/01 22:13:32 🐳 Creating container for image postgres@sha256:4ef4dbc939d61acea57712655ddb4b4ab27419c913f94cca0cd57cb3ea3c2280
2026/10/01 22:13:32 🐳 Creating container for image testcontainers/ryuk:0.14.0
2026/10/01 22:13:32 ✅ Container created: 550f977ee2d1
2026/10/01 22:13:32 🐳 Starting container: 550f977ee2d1
2026/10/01 22:13:33 ✅ Container started: 550f977ee2d1
2026/10/01 22:13:33 ⏳ Waiting for container id 550f977ee2d1 image: testcontainers/ryuk:0.14.0. Waiting for: all of: [log message "Started", port 8080/tcp to be listening]
2026/10/01 22:13:33 Shell not found in container
2026/10/01 22:13:33 🔔 Container is ready: 550f977ee2d1
2026/10/01 22:13:33 ✅ Container created: 8c13bb27e140
2026/10/01 22:13:33 🐳 Starting container: 8c13bb27e140
2026/10/01 22:13:34 ✅ Container started: 8c13bb27e140
2026/10/01 22:13:34 ⏳ Waiting for container id 8c13bb27e140 image: postgres@sha256:4ef4dbc939d61acea57712655ddb4b4ab27419c913f94cca0cd57cb3ea3c2280. Waiting for: log message "database system is ready to accept connections" (occurrence: 2)
2026/10/01 22:13:35 🔔 Container is ready: 8c13bb27e140
    borrowed-replacement-owner-rollback-unwind_linux_test.go:68: protected fixture actual HBA rules (all SCRAM, no trust fallback): line=1 type=local address="" auth=scram-sha-256; line=2 type=host address="127.0.0.1" auth=scram-sha-256; line=3 type=host address="::1" auth=scram-sha-256; line=4 type=host address="all" auth=scram-sha-256
    borrowed-replacement-owner-rollback-unwind_linux_test.go:68: successor retired: backend PID 329 incarnation strictly gone, owner health retained, guard non-clean, acceptance zero
    borrowed-replacement-owner-rollback-unwind_linux_test.go:68: guard-row window fixture: fixture original canonical key retained, disposition "rebuild_required" (deliberately unresolved), operation provenance matches the fixture original
    borrowed-replacement-owner-rollback-unwind_linux_test.go:73: native-ready replacement attempt refused by the dirty guard: disposition "rebuild_required" -> "rebuild_required", no Started, no executable frames, no callbacks, replacement catalog unchanged (OID 16757)
    borrowed-replacement-owner-rollback-unwind_linux_test.go:173: rollback-unwind positive: the ACTUAL rollback was dispatched after the caller cancellation, its validated ROLLBACK completion was withheld, the independent bounded rollback budget drove the return WITHOUT watchdog rescue (watchdog never fired), the uncertain rollback permanently retired the owner handle with a bounded disposal, no COMMIT was dispatched, the composite/eligibility were refused, the journal showed zero rows with the released guard row independently lockable and unchanged, and worker/pump/Use completion was proven before cleanup
2026/10/01 22:14:04 🐳 Creating container for image postgres@sha256:4ef4dbc939d61acea57712655ddb4b4ab27419c913f94cca0cd57cb3ea3c2280
2026/10/01 22:14:04 ✅ Container created: c39360978f24
2026/10/01 22:14:04 🐳 Starting container: c39360978f24
2026/10/01 22:14:04 ✅ Container started: c39360978f24
2026/10/01 22:14:04 ⏳ Waiting for container id c39360978f24 image: postgres@sha256:4ef4dbc939d61acea57712655ddb4b4ab27419c913f94cca0cd57cb3ea3c2280. Waiting for: log message "database system is ready to accept connections" (occurrence: 2)
2026/10/01 22:14:06 🔔 Container is ready: c39360978f24
    borrowed-replacement-owner-rollback-unwind_linux_test.go:184: protected fixture actual HBA rules (all SCRAM, no trust fallback): line=1 type=local address="" auth=scram-sha-256; line=2 type=host address="127.0.0.1" auth=scram-sha-256; line=3 type=host address="::1" auth=scram-sha-256; line=4 type=host address="all" auth=scram-sha-256
    borrowed-replacement-owner-rollback-unwind_linux_test.go:184: successor retired: backend PID 329 incarnation strictly gone, owner health retained, guard non-clean, acceptance zero
    borrowed-replacement-owner-rollback-unwind_linux_test.go:184: guard-row window fixture: fixture original canonical key retained, disposition "rebuild_required" (deliberately unresolved), operation provenance matches the fixture original
    borrowed-replacement-owner-rollback-unwind_linux_test.go:189: native-ready replacement attempt refused by the dirty guard: disposition "rebuild_required" -> "rebuild_required", no Started, no executable frames, no callbacks, replacement catalog unchanged (OID 16757)
    borrowed-replacement-owner-rollback-unwind_linux_test.go:249: rollback-unwind unarmed control: the cancellation produced an acknowledged rollback with zero matching rows, the original owner session stayed healthy, the guard stayed unchanged and unresolved and the composite/eligibility were refused
    borrowed-replacement-owner-rollback-unwind_linux_test.go:376: rollback-unwind completion negatives: missing, partial and malformed ROLLBACK completions plus a queued read error never publish a completion witness and remain UNKNOWN, with the partial bytes genuinely consumed
2026/10/01 22:14:21 🐳 Creating container for image postgres@sha256:4ef4dbc939d61acea57712655ddb4b4ab27419c913f94cca0cd57cb3ea3c2280
2026/10/01 22:14:22 ✅ Container created: 29cbb05f2da2
2026/10/01 22:14:22 🐳 Starting container: 29cbb05f2da2
2026/10/01 22:14:22 ✅ Container started: 29cbb05f2da2
2026/10/01 22:14:22 ⏳ Waiting for container id 29cbb05f2da2 image: postgres@sha256:4ef4dbc939d61acea57712655ddb4b4ab27419c913f94cca0cd57cb3ea3c2280. Waiting for: log message "database system is ready to accept connections" (occurrence: 2)
2026/10/01 22:14:24 🔔 Container is ready: 29cbb05f2da2
    borrowed-replacement-owner-rollback-unwind_linux_test.go:389: protected fixture actual HBA rules (all SCRAM, no trust fallback): line=1 type=local address="" auth=scram-sha-256; line=2 type=host address="127.0.0.1" auth=scram-sha-256; line=3 type=host address="::1" auth=scram-sha-256; line=4 type=host address="all" auth=scram-sha-256
    borrowed-replacement-owner-rollback-unwind_linux_test.go:389: successor retired: backend PID 329 incarnation strictly gone, owner health retained, guard non-clean, acceptance zero
    borrowed-replacement-owner-rollback-unwind_linux_test.go:389: guard-row window fixture: fixture original canonical key retained, disposition "rebuild_required" (deliberately unresolved), operation provenance matches the fixture original
    borrowed-replacement-owner-rollback-unwind_linux_test.go:393: native-ready replacement attempt refused by the dirty guard: disposition "rebuild_required" -> "rebuild_required", no Started, no executable frames, no callbacks, replacement catalog unchanged (OID 16757)
    borrowed-replacement-owner-rollback-unwind_linux_test.go:450: rollback-unwind pre-cancel negative: the gate was armed before the decisive boundary and the caller was cancelled there, yet the ACTUAL rollback was still dispatched and withheld through the independent bounded rollback context and the uncertain unwind completed inside 16.466s (watchdog never fired), retiring the owner handle
2026/10/01 22:14:46 🐳 Stopping container: 29cbb05f2da2
2026/10/01 22:14:47 ✅ Container stopped: 29cbb05f2da2
2026/10/01 22:14:47 🐳 Terminating container: 29cbb05f2da2
2026/10/01 22:14:47 🚫 Container terminated: 29cbb05f2da2
2026/10/01 22:14:47 🐳 Stopping container: c39360978f24
2026/10/01 22:14:47 ✅ Container stopped: c39360978f24
2026/10/01 22:14:47 🐳 Terminating container: c39360978f24
2026/10/01 22:14:47 🚫 Container terminated: c39360978f24
2026/10/01 22:14:47 🐳 Stopping container: 8c13bb27e140
2026/10/01 22:14:48 ✅ Container stopped: 8c13bb27e140
2026/10/01 22:14:48 🐳 Terminating container: 8c13bb27e140
2026/10/01 22:14:48 🚫 Container terminated: 8c13bb27e140
--- PASS: TestBorrowedReplacementOwnerRollbackUnwind (79.83s)
PASS
ok  	github.com/xtianxx/txharbor/internal/recovery	79.874s
exit=0
