$ cd /tmp/txharbor-r6/neg && git checkout -- internal/testutil/redisgate.go && TXHARBOR_FAULT_EVIDENCE_DIR=/tmp/txharbor-r6/gate go test -race -tags integration_redis -count=1 -timeout 10m -v ./internal/testutil -run TestRedisGate
=== RUN   TestRedisGatePassForwardsAndHoldConverses
2026/10/06 15:32:46 github.com/testcontainers/testcontainers-go - Connected to docker: 
  Server Version: 29.6.1
  API Version: 1.55
  Operating System: Ubuntu 24.04.4 LTS
  Total Memory: 15915 MB
  Testcontainers for Go Version: v0.44.0
  Resolved Docker Host: unix:///var/run/docker.sock
  Resolved Docker Socket Path: /var/run/docker.sock
  Test SessionID: 7737e8f7b198306594486e368214b67dee486e120b022cd8d8ba93f3df15c525
  Test ProcessID: 44372f8b-cd06-4231-aef3-78a0bd7a3762
2026/10/06 15:32:46 🐳 Creating container for image redis:8.2.10-alpine
2026/10/06 15:32:46 🐳 Creating container for image testcontainers/ryuk:0.14.0
2026/10/06 15:32:46 ✅ Container created: 064389f83763
2026/10/06 15:32:46 🐳 Starting container: 064389f83763
2026/10/06 15:32:47 ✅ Container started: 064389f83763
2026/10/06 15:32:47 ⏳ Waiting for container id 064389f83763 image: testcontainers/ryuk:0.14.0. Waiting for: all of: [log message "Started", port 8080/tcp to be listening]
2026/10/06 15:32:47 Shell not found in container
2026/10/06 15:32:47 🔔 Container is ready: 064389f83763
2026/10/06 15:32:47 ✅ Container created: 5adf9a2d4312
2026/10/06 15:32:47 🐳 Starting container: 5adf9a2d4312
2026/10/06 15:32:48 ✅ Container started: 5adf9a2d4312
2026/10/06 15:32:48 ⏳ Waiting for container id 5adf9a2d4312 image: redis:8.2.10-alpine. Waiting for: all of: [port 6379/tcp to be listening, log message "* Ready to accept connections"]
2026/10/06 15:32:48 🔔 Container is ready: 5adf9a2d4312
redis: 2026/10/06 15:32:53 pool.go:762: redis: connection pool: failed to dial after 5 attempts: dial tcp 127.0.0.1:46607: connect: connection refused
redis: 2026/10/06 15:32:53 pool.go:762: redis: connection pool: failed to dial after 5 attempts: dial tcp 127.0.0.1:46607: connect: connection refused
redis: 2026/10/06 15:32:54 pool.go:762: redis: connection pool: failed to dial after 5 attempts: dial tcp 127.0.0.1:46607: connect: connection refused
redis: 2026/10/06 15:32:54 pool.go:762: redis: connection pool: failed to dial after 5 attempts: dial tcp 127.0.0.1:46607: connect: connection refused
    redisgate_test.go:74: down-gate error (informational): dial tcp 127.0.0.1:46607: connect: connection refused
2026/10/06 15:32:54 🐳 Stopping container: 5adf9a2d4312
2026/10/06 15:32:55 ✅ Container stopped: 5adf9a2d4312
2026/10/06 15:32:55 🐳 Terminating container: 5adf9a2d4312
2026/10/06 15:32:55 🚫 Container terminated: 5adf9a2d4312
--- PASS: TestRedisGatePassForwardsAndHoldConverses (9.23s)
=== RUN   TestRedisGateRefusedOnDownBeforeAnyConn
--- PASS: TestRedisGateRefusedOnDownBeforeAnyConn (0.00s)
=== RUN   TestRedisGateDelayDelaysEvalReplies
2026/10/06 15:32:55 🐳 Creating container for image redis:8.2.10-alpine
2026/10/06 15:32:55 ✅ Container created: f520a0bd2e74
2026/10/06 15:32:55 🐳 Starting container: f520a0bd2e74
2026/10/06 15:32:56 ✅ Container started: f520a0bd2e74
2026/10/06 15:32:56 ⏳ Waiting for container id f520a0bd2e74 image: redis:8.2.10-alpine. Waiting for: all of: [port 6379/tcp to be listening, log message "* Ready to accept connections"]
2026/10/06 15:32:56 🔔 Container is ready: f520a0bd2e74
2026/10/06 15:33:03 🐳 Stopping container: f520a0bd2e74
2026/10/06 15:33:04 ✅ Container stopped: f520a0bd2e74
2026/10/06 15:33:04 🐳 Terminating container: f520a0bd2e74
2026/10/06 15:33:04 🚫 Container terminated: f520a0bd2e74
--- PASS: TestRedisGateDelayDelaysEvalReplies (9.08s)
PASS
ok  	github.com/xtianxx/txharbor/internal/testutil	19.381s
EXIT_CODE=0
