$ TXHARBOR_FAULT_EVIDENCE_DIR=/tmp/txharbor-r6/gate go test -race -tags integration_redis -count=1 -timeout 10m -v ./internal/testutil -run TestRedisGate
=== RUN   TestRedisGatePassForwardsAndHoldConverses
2026/10/06 15:31:25 github.com/testcontainers/testcontainers-go - Connected to docker: 
  Server Version: 29.6.1
  API Version: 1.55
  Operating System: Ubuntu 24.04.4 LTS
  Total Memory: 15915 MB
  Testcontainers for Go Version: v0.44.0
  Resolved Docker Host: unix:///var/run/docker.sock
  Resolved Docker Socket Path: /var/run/docker.sock
  Test SessionID: 392d04f4df554d329a8b96bbfd9005dd166443c55a629a70cc0dbf3ba65bf92c
  Test ProcessID: 0cdd0533-d785-48b4-81cd-328c783bde1e
2026/10/06 15:31:25 🐳 Creating container for image redis:8.2.10-alpine
2026/10/06 15:31:25 🐳 Creating container for image testcontainers/ryuk:0.14.0
2026/10/06 15:31:25 ✅ Container created: 0826555f852f
2026/10/06 15:31:25 🐳 Starting container: 0826555f852f
2026/10/06 15:31:26 ✅ Container started: 0826555f852f
2026/10/06 15:31:26 ⏳ Waiting for container id 0826555f852f image: testcontainers/ryuk:0.14.0. Waiting for: all of: [log message "Started", port 8080/tcp to be listening]
2026/10/06 15:31:26 Shell not found in container
2026/10/06 15:31:26 🔔 Container is ready: 0826555f852f
2026/10/06 15:31:26 ✅ Container created: 934b61b495c9
2026/10/06 15:31:26 🐳 Starting container: 934b61b495c9
2026/10/06 15:31:27 ✅ Container started: 934b61b495c9
2026/10/06 15:31:27 ⏳ Waiting for container id 934b61b495c9 image: redis:8.2.10-alpine. Waiting for: all of: [port 6379/tcp to be listening, log message "* Ready to accept connections"]
2026/10/06 15:31:27 🔔 Container is ready: 934b61b495c9
redis: 2026/10/06 15:31:29 pool.go:762: redis: connection pool: failed to dial after 5 attempts: dial tcp 127.0.0.1:44623: connect: connection refused
redis: 2026/10/06 15:31:30 pool.go:762: redis: connection pool: failed to dial after 5 attempts: dial tcp 127.0.0.1:44623: connect: connection refused
redis: 2026/10/06 15:31:30 pool.go:762: redis: connection pool: failed to dial after 5 attempts: dial tcp 127.0.0.1:44623: connect: connection refused
redis: 2026/10/06 15:31:31 pool.go:762: redis: connection pool: failed to dial after 5 attempts: dial tcp 127.0.0.1:44623: connect: connection refused
    redisgate_test.go:74: down-gate error (informational): dial tcp 127.0.0.1:44623: connect: connection refused
2026/10/06 15:31:31 🐳 Stopping container: 934b61b495c9
2026/10/06 15:31:31 ✅ Container stopped: 934b61b495c9
2026/10/06 15:31:31 🐳 Terminating container: 934b61b495c9
2026/10/06 15:31:31 🚫 Container terminated: 934b61b495c9
--- PASS: TestRedisGatePassForwardsAndHoldConverses (9.51s)
=== RUN   TestRedisGateRefusedOnDownBeforeAnyConn
--- PASS: TestRedisGateRefusedOnDownBeforeAnyConn (0.00s)
=== RUN   TestRedisGateDelayDelaysEvalReplies
2026/10/06 15:31:31 🐳 Creating container for image redis:8.2.10-alpine
2026/10/06 15:31:32 ✅ Container created: 5bf0f513e9ff
2026/10/06 15:31:32 🐳 Starting container: 5bf0f513e9ff
2026/10/06 15:31:32 ✅ Container started: 5bf0f513e9ff
2026/10/06 15:31:32 ⏳ Waiting for container id 5bf0f513e9ff image: redis:8.2.10-alpine. Waiting for: all of: [port 6379/tcp to be listening, log message "* Ready to accept connections"]
2026/10/06 15:31:32 🔔 Container is ready: 5bf0f513e9ff
2026/10/06 15:31:40 🐳 Stopping container: 5bf0f513e9ff
2026/10/06 15:31:41 ✅ Container stopped: 5bf0f513e9ff
2026/10/06 15:31:41 🐳 Terminating container: 5bf0f513e9ff
2026/10/06 15:31:41 🚫 Container terminated: 5bf0f513e9ff
--- PASS: TestRedisGateDelayDelaysEvalReplies (9.15s)
PASS
ok  	github.com/xtianxx/txharbor/internal/testutil	19.726s
EXIT_CODE=0
