pg_restore: connecting to database for restore
pg_restore: executing SELECT pg_catalog.set_config('search_path', '', false);
pg_restore: dropping CONSTRAINT wallet_sequences_015 wallet_sequences_015_pkey
pg_restore: dropping CONSTRAINT events_015 events_015_seq_key
pg_restore: dropping DEFAULT wallet_sequences_015 id
pg_restore: dropping DEFAULT events_015 seq
pg_restore: dropping SEQUENCE wallet_sequences_015_id_seq
pg_restore: dropping TABLE wallet_sequences_015
pg_restore: dropping TABLE snapshot_probe_015
pg_restore: dropping SEQUENCE events_015_seq_seq
pg_restore: dropping TABLE events_015
pg_restore: creating TABLE "public.events_015"
pg_restore: creating SEQUENCE "public.events_015_seq_seq"
pg_restore: creating SEQUENCE OWNED BY "public.events_015_seq_seq"
pg_restore: creating TABLE "public.snapshot_probe_015"
pg_restore: creating TABLE "public.wallet_sequences_015"
pg_restore: creating SEQUENCE "public.wallet_sequences_015_id_seq"
pg_restore: creating SEQUENCE OWNED BY "public.wallet_sequences_015_id_seq"
pg_restore: creating DEFAULT "public.events_015 seq"
pg_restore: creating DEFAULT "public.wallet_sequences_015 id"
pg_restore: processing data for table "public.events_015"
pg_restore: processing data for table "public.snapshot_probe_015"
pg_restore: processing data for table "public.wallet_sequences_015"
pg_restore: executing SEQUENCE SET events_015_seq_seq
pg_restore: executing SEQUENCE SET wallet_sequences_015_id_seq
pg_restore: creating CONSTRAINT "public.events_015 events_015_seq_key"
pg_restore: creating CONSTRAINT "public.wallet_sequences_015 wallet_sequences_015_pkey"
